[7h[0;1;41;37m[?33h                                                                              [0m
[1;41m                 [40;30mААБллллллн[41m [40mААБлллллл[41m [40mААБлолллоллл[41m [40mмллллллллм[41m                 [0m
[41;30mААААААААААААААААА[1;40mАББллллллл[0;41;30mА[1;40mАББл[0;41;30mА[1;40mпллл[0;41;30mА[1;40mАББлолллоллл[0;41;30mА[1;40mллллмм[0;41;30mАА[1;40mлл[0;41;30mААААААААААААААААА[0m
[41;30mБББББББББББББББББ[1;40mАБлллнлллл[0;41;30mБ[1;40mАБллммм[0;41;30mБББ[1;40mАБллолллоллл[0;41;30mБ[1;40mоллллллм[0;41;30mБ[1;40mп[0;41;30mБББББББББББББББББ[0m
[41;30mБББББББББББББББББ[1;40mББлллнлллл[0;41;30mБ[1;40mББллппп[0;41;30mБББ[1;40mББллолллоллл[0;41;30mББ[1;40mпппп[0;41;30mБ[1;40mлллм[0;41;30mБББББББББББББББББ[0m
[41;30mВВВВВВВВВВВВВВВВВ[1;40mБллллнлллл[0;41;30mВ[1;40mБллл[0;41;30mВ[1;40mмллл[0;41;30mВ[1;40mБлллолллоллл[0;41;30mВ[1;40mАБлл[0;41;30mВ[1;40mмллллн[0;41;30mВВВВВВВВВВВВВВВВ[0m
[31mААААААААААААААААА[1;30mлллллнлллл[0;31mА[1;30mллллллллл[0;31mА[1;30mолллллоллллн[0;31mА[1;30mАллллллллп[0;31mААААААААААААААААА
[37mФФФФФФФФФФФФФФФФФФФФФФФФФФФФФФФФФФФФФФФФФФФФФФФФФФФФФФФФФФФФФФФФФФФФФФФФФФФФФФФ
